######
#
# NOTES DE CMD
#
######
#
# Auteur  : benwend <ben_wend@hotmail.fr>
# Date    : 10/02/2017
# Version : 0.1
#
# Résumé : Quelques commandes vitales de ci de là d'outils.
#
######

######
## SAUVEGARDE
##
# Sauvegarde d'une clé USB :
$ sudo time dd of=~/backup_key.dd if=/dev/sdc1 bs=4096 conv=notrunc,noerror
=> Si c'est une clé chiffrée, montage classique avec Veracrypt


######
## YOUTUBE-DL
##
# L'outil permet de récupérer des vidéos/sons
# et si besoin de les convertir :
$ youtube-dl "http://mon_url"
$ youtube-dl -t -x --audio-format mp3 --audio-quality 0 "http://mon_url"
$ youtube-dl -t -f mp4 "http://mon_url"
#
# Convertir ses fichiers :
#    https://blog.seboss666.info/2014/04/convertir-ses-flac-en-mp3-sous-linux/
#
# Découper/Recoller des morceaux sans perte :
#   https://blog.seboss666.info/2017/07/decouper-un-fichier-audiovideo-sans-le-recompresserreencoder/


######
## ENCFS + RCLONE + HUBIC
##
$ sudo apt install encfs
$ encfs /home/$USER/.coffre/ /home/$USER/coffre_open/ # chemin absolu !
$ fusermount -u /home/$USER/coffre_open
$ encfsctl passwd ~/.coffre # changement de mot de passe

# Automatisation lancement :
# - automatiser sur une session, choisissez pam_mount
# - interface Gnome ou Unity, choisissez Gnome EncFS Manager ou Cryptkeeper
# - interface KDE, choisissez Fusible
$ encfs --reverse /home/$USER/coffre_open/ /home/$USER/.coffre/

# Documentation : http://rclone.org/ + hubic


######
## MYSQL
##
# Création d'un utilisateur, sans mot de passe :
> CREATE USER "nom_utilisateur"@"localhost";

# Définir un mot de passe à un utilisateur :
> SET password FOR "nom_utilisateur"@"localhost" = password('');

# Supprimer un utilisateur :
> DROP USER "nom_utilisateur"@"localhost";

# Lister les utilisateurs :
> select user from mysql.user;

# Création d'une base de données en UTF-8 :
> CREATE DATABASE nom_db DEFAULT CHARACTER SET utf8 DEFAULT COLLATE utf8_general_ci;
> GRANT ALL PRIVILEGES ON nom_db.* TO "nom_utilisateur"@"localhost";

# Mettre à jour les droits :
> FLUSH PRIVILEGES

######
## Archivage/Compression
##
# Tar + Gzip/Bzip
$ tar czf file.tar.gz file
ou
$ tar cjf file.tar.bzip2 file

# PIGZ
$ tar cf - file | pigz --best > file.tgz
ou
$ tar cf file.tar file
$ pigz --best <-k> file.tar

